---
source: crates/riv_checker/src/checks/mod.rs
expression: "check_fixture(\"consume-before-produce/basic\")"
---
error[consume-before-produce]: `users.pkl` is consumed before it is produced
  --> resources/test/fixtures/consume-before-produce/basic/train.py:4:9
   |
 4 | users = riv_in[UsersDf]("users.pkl")
   |         ^^^^^^^^^^^^^^^^^^^^^^^^^^^^ `users.pkl` does not exist yet
   |
   = note: `resources/test/fixtures/consume-before-produce/basic/preprocess.py` produces it, but runs later — steps run in the order listed; riv does not reorder them

error[consume-before-produce]: `model.pkl` is consumed before it is produced
  --> resources/test/fixtures/consume-before-produce/basic/train.py:5:9
   |
 5 | model = riv_in[Model]("model.pkl")
   |         ^^^^^^^^^^^^^^^^^^^^^^^^^^ `model.pkl` does not exist yet
   |
   = note: no step in this river produces it, and it does not exist on disk
