---
source: crates/riv_checker/src/checks/mod.rs
expression: "check_fixture(\"schema-mismatch/basic\")"
---
error[schema-mismatch]: `users.pkl` is consumed as `schemas.OrdersDf` but was produced as `schemas.UsersDf`
  --> resources/test/fixtures/schema-mismatch/basic/train.py:4:17
   |
 4 | orders = riv_in[OrdersDf]("users.pkl")
   |                 ^^^^^^^^ consumed as `schemas.OrdersDf`
   |
  ::: resources/test/fixtures/schema-mismatch/basic/preprocess.py:5:9
   |
 5 | riv_out[UsersDf](users, "users.pkl")
   |         ------- produced as `schemas.UsersDf`
   |
   = note: schema matching is name-level: producer and consumer must use the same schema symbol
